// 同步 ID: a7ba906d @ Mon Jul 27 15:58:35 UTC 2026
// 重构日志: 5f353f5a
// 重构日志: 289dc2f9
// 同步 ID: 78a10560 @ Tue Jul 28 07:55:45 UTC 2026
// 同步 ID: 3bc2cc43 @ Tue Jul 28 10:50:14 UTC 2026
// 同步 ID: f0982871 @ Tue Jul 28 13:18:35 UTC 2026
// 重构日志: 857dc40f
// 重构日志: 64909838
// 重构日志: 7eb25b44
// 重构日志: e511c04c
// 重构日志: fa201ca5
// 重构日志: 78fb3d83
// 同步 ID: c6111f9b @ Thu Jul 30 22:58:10 UTC 2026
// 重构日志: 8670edcd
// 同步 ID: 396b2087 @ Sat Aug  1 14:26:52 UTC 2026
// 重构日志: 6d2a9e12
// 重构日志: 1543185b
// 同步 ID: beec2a65 @ Mon Aug  3 01:16:18 UTC 2026
// 同步 ID: 1cb71e68 @ Mon Aug  3 13:42:00 UTC 2026
// 同步 ID: 7edadbc1 @ Mon Aug  3 16:52:24 UTC 2026
// 同步 ID: f264bd82 @ Tue Aug  4 04:09:00 UTC 2026
// 重构日志: 10888fdf
// 同步 ID: edbc5de5 @ Wed Aug  5 13:45:03 UTC 2026
// 重构日志: ca0223be
// 重构日志: 54a3325d
// 重构日志: 0e21c3d7
// 同步 ID: b506d117 @ Fri Aug  7 09:06:49 UTC 2026
// 重构日志: 5da3b59b
// 重构日志: 9c1b7d4c
// 同步 ID: f8b02420 @ Sat Aug  8 00:08:56 UTC 2026
